// Jest Snapshot v1, https://goo.gl/fbAQLP

exports[`renders 1`] = `
ShallowWrapper {
  "length": 1,
  Symbol(enzyme.__root__): [Circular],
  Symbol(enzyme.__unrendered__): <Headline />,
  Symbol(enzyme.__renderer__): Object {
    "batchedUpdates": [Function],
    "getNode": [Function],
    "render": [Function],
    "simulateEvent": [Function],
    "unmount": [Function],
  },
  Symbol(enzyme.__node__): Object {
    "instance": null,
    "key": null,
    "nodeType": "class",
    "props": Object {
      "center": true,
      "children": undefined,
      "color": "blue9",
      "f": Array [
        5,
        6,
        7,
      ],
      "my": Array [
        3,
        4,
      ],
      "style": Object {
        "fontFamily": "Damion",
        "textShadow": "-4px 4px 1px #79e4a6",
      },
    },
    "ref": null,
    "rendered": null,
    "type": [Function],
  },
  Symbol(enzyme.__nodes__): Array [
    Object {
      "instance": null,
      "key": null,
      "nodeType": "class",
      "props": Object {
        "center": true,
        "children": undefined,
        "color": "blue9",
        "f": Array [
          5,
          6,
          7,
        ],
        "my": Array [
          3,
          4,
        ],
        "style": Object {
          "fontFamily": "Damion",
          "textShadow": "-4px 4px 1px #79e4a6",
        },
      },
      "ref": null,
      "rendered": null,
      "type": [Function],
    },
  ],
  Symbol(enzyme.__options__): Object {
    "adapter": ReactSixteenAdapter {
      "options": Object {
        "enableComponentDidUpdateOnSetState": true,
      },
    },
  },
}
`;
