// Jest Snapshot v1, https://goo.gl/fbAQLP

exports[`renders 1`] = `
ShallowWrapper {
  "length": 1,
  Symbol(enzyme.__root__): [Circular],
  Symbol(enzyme.__unrendered__): <Square />,
  Symbol(enzyme.__renderer__): Object {
    "batchedUpdates": [Function],
    "getNode": [Function],
    "render": [Function],
    "simulateEvent": [Function],
    "unmount": [Function],
  },
  Symbol(enzyme.__node__): Object {
    "instance": null,
    "key": undefined,
    "nodeType": "host",
    "props": Object {
      "children": <Styled(Flex)
        align="center"
        bg="white"
        justify="center"
        mb={1}
        mr={1}
        onClick={undefined}
>
        <Flex
                wrap={true}
        >
                <Text
                        center={true}
                        color="blue9"
                        f={
                                Array [
                                        1,
                                        2,
                                        3,
                                      ]
                        }
                        m={0}
                        p={1}
                />
        </Flex>
</Styled(Flex)>,
    },
    "ref": null,
    "rendered": Object {
      "instance": null,
      "key": undefined,
      "nodeType": "class",
      "props": Object {
        "align": "center",
        "bg": "white",
        "children": <Flex
          wrap={true}
>
          <Text
                    center={true}
                    color="blue9"
                    f={
                              Array [
                                        1,
                                        2,
                                        3,
                                      ]
                    }
                    m={0}
                    p={1}
          />
</Flex>,
        "justify": "center",
        "mb": 1,
        "mr": 1,
        "onClick": undefined,
      },
      "ref": null,
      "rendered": Object {
        "instance": null,
        "key": undefined,
        "nodeType": "class",
        "props": Object {
          "children": <Text
            center={true}
            color="blue9"
            f={
                        Array [
                                    1,
                                    2,
                                    3,
                                  ]
            }
            m={0}
            p={1}
/>,
          "wrap": true,
        },
        "ref": null,
        "rendered": Object {
          "instance": null,
          "key": undefined,
          "nodeType": "class",
          "props": Object {
            "center": true,
            "children": undefined,
            "color": "blue9",
            "f": Array [
              1,
              2,
              3,
            ],
            "m": 0,
            "p": 1,
          },
          "ref": null,
          "rendered": null,
          "type": [Function],
        },
        "type": [Function],
      },
      "type": [Function],
    },
    "type": "div",
  },
  Symbol(enzyme.__nodes__): Array [
    Object {
      "instance": null,
      "key": undefined,
      "nodeType": "host",
      "props": Object {
        "children": <Styled(Flex)
          align="center"
          bg="white"
          justify="center"
          mb={1}
          mr={1}
          onClick={undefined}
>
          <Flex
                    wrap={true}
          >
                    <Text
                              center={true}
                              color="blue9"
                              f={
                                        Array [
                                                  1,
                                                  2,
                                                  3,
                                                ]
                              }
                              m={0}
                              p={1}
                    />
          </Flex>
</Styled(Flex)>,
      },
      "ref": null,
      "rendered": Object {
        "instance": null,
        "key": undefined,
        "nodeType": "class",
        "props": Object {
          "align": "center",
          "bg": "white",
          "children": <Flex
            wrap={true}
>
            <Text
                        center={true}
                        color="blue9"
                        f={
                                    Array [
                                                1,
                                                2,
                                                3,
                                              ]
                        }
                        m={0}
                        p={1}
            />
</Flex>,
          "justify": "center",
          "mb": 1,
          "mr": 1,
          "onClick": undefined,
        },
        "ref": null,
        "rendered": Object {
          "instance": null,
          "key": undefined,
          "nodeType": "class",
          "props": Object {
            "children": <Text
              center={true}
              color="blue9"
              f={
                            Array [
                                          1,
                                          2,
                                          3,
                                        ]
              }
              m={0}
              p={1}
/>,
            "wrap": true,
          },
          "ref": null,
          "rendered": Object {
            "instance": null,
            "key": undefined,
            "nodeType": "class",
            "props": Object {
              "center": true,
              "children": undefined,
              "color": "blue9",
              "f": Array [
                1,
                2,
                3,
              ],
              "m": 0,
              "p": 1,
            },
            "ref": null,
            "rendered": null,
            "type": [Function],
          },
          "type": [Function],
        },
        "type": [Function],
      },
      "type": "div",
    },
  ],
  Symbol(enzyme.__options__): Object {
    "adapter": ReactSixteenAdapter {
      "options": Object {
        "enableComponentDidUpdateOnSetState": true,
      },
    },
  },
}
`;
